// Jest Snapshot v1, https://goo.gl/fbAQLP

exports[`process-utils auto mod structure different ways of hitting target stats with 0 remaining general mods (using artifice mods: true) 1`] = `
{
  "1": 1,
  "10": 1,
  "11": 1,
  "12": 1,
  "13": 1,
  "14": 1,
  "15": 1,
  "2": 1,
  "3": 1,
  "4": 1,
  "5": 1,
  "6": 1,
  "7": 1,
  "8": 1,
  "9": 1,
}
`;

exports[`process-utils auto mod structure different ways of hitting target stats with 1 remaining general mods (using artifice mods: true) 1`] = `
{
  "1": 2,
  "10": 3,
  "11": 3,
  "12": 3,
  "13": 3,
  "14": 3,
  "15": 3,
  "16": 2,
  "17": 2,
  "18": 2,
  "19": 2,
  "2": 2,
  "20": 2,
  "21": 1,
  "22": 1,
  "23": 1,
  "24": 1,
  "25": 1,
  "3": 2,
  "4": 2,
  "5": 2,
  "6": 3,
  "7": 3,
  "8": 3,
  "9": 3,
}
`;

exports[`process-utils auto mod structure different ways of hitting target stats with 3 remaining general mods (using artifice mods: false) 1`] = `
{
  "1": 1,
  "10": 2,
  "11": 2,
  "12": 2,
  "13": 2,
  "14": 2,
  "15": 2,
  "16": 2,
  "17": 2,
  "18": 2,
  "19": 2,
  "2": 1,
  "20": 2,
  "21": 1,
  "22": 1,
  "23": 1,
  "24": 1,
  "25": 1,
  "26": 1,
  "27": 1,
  "28": 1,
  "29": 1,
  "3": 1,
  "30": 1,
  "4": 1,
  "5": 1,
  "6": 2,
  "7": 2,
  "8": 2,
  "9": 2,
}
`;

exports[`process-utils auto mod structure different ways of hitting target stats with 5 remaining general mods (using artifice mods: false) 1`] = `
{
  "1": 1,
  "10": 2,
  "11": 2,
  "12": 2,
  "13": 2,
  "14": 2,
  "15": 2,
  "16": 3,
  "17": 3,
  "18": 3,
  "19": 3,
  "2": 1,
  "20": 3,
  "21": 3,
  "22": 3,
  "23": 3,
  "24": 3,
  "25": 3,
  "26": 3,
  "27": 3,
  "28": 3,
  "29": 3,
  "3": 1,
  "30": 3,
  "31": 2,
  "32": 2,
  "33": 2,
  "34": 2,
  "35": 2,
  "36": 2,
  "37": 2,
  "38": 2,
  "39": 2,
  "4": 1,
  "40": 2,
  "41": 1,
  "42": 1,
  "43": 1,
  "44": 1,
  "45": 1,
  "46": 1,
  "47": 1,
  "48": 1,
  "49": 1,
  "5": 1,
  "50": 1,
  "6": 2,
  "7": 2,
  "8": 2,
  "9": 2,
}
`;

exports[`process-utils auto mod structure different ways of hitting target stats with 5 remaining general mods (using artifice mods: true) 1`] = `
{
  "1": 2,
  "10": 4,
  "11": 6,
  "12": 6,
  "13": 6,
  "14": 6,
  "15": 6,
  "16": 8,
  "17": 8,
  "18": 8,
  "19": 8,
  "2": 2,
  "20": 8,
  "21": 10,
  "22": 10,
  "23": 10,
  "24": 10,
  "25": 10,
  "26": 11,
  "27": 11,
  "28": 11,
  "29": 11,
  "3": 2,
  "30": 11,
  "31": 11,
  "32": 11,
  "33": 11,
  "34": 11,
  "35": 11,
  "36": 10,
  "37": 10,
  "38": 10,
  "39": 10,
  "4": 2,
  "40": 10,
  "41": 8,
  "42": 8,
  "43": 8,
  "44": 8,
  "45": 8,
  "46": 6,
  "47": 6,
  "48": 6,
  "49": 6,
  "5": 2,
  "50": 6,
  "51": 4,
  "52": 4,
  "53": 4,
  "54": 4,
  "55": 4,
  "56": 2,
  "57": 2,
  "58": 2,
  "59": 2,
  "6": 4,
  "60": 2,
  "61": 1,
  "62": 1,
  "63": 1,
  "64": 1,
  "65": 1,
  "7": 4,
  "8": 4,
  "9": 4,
}
`;

exports[`process-utils auto mod structure snapshot of mod defs when assuming cheapgeneral for auto mods 1`] = `
{
  "artificeMods": {
    "144602215": {
      "hash": 3160845295,
    },
    "1735777505": {
      "hash": 617569843,
    },
    "1943323491": {
      "hash": 539459624,
    },
    "2996146975": {
      "hash": 2322202118,
    },
    "392767087": {
      "hash": 199176566,
    },
    "4244567218": {
      "hash": 2507624050,
    },
  },
  "generalMods": {
    "144602215": {
      "majorMod": {
        "cost": 4,
        "hash": 2724608735,
      },
      "minorMod": {
        "cost": 2,
        "hash": 350061697,
      },
    },
    "1735777505": {
      "majorMod": {
        "cost": 3,
        "hash": 1435557120,
      },
      "minorMod": {
        "cost": 1,
        "hash": 4021790309,
      },
    },
    "1943323491": {
      "majorMod": {
        "cost": 4,
        "hash": 4204488676,
      },
      "minorMod": {
        "cost": 2,
        "hash": 1237786518,
      },
    },
    "2996146975": {
      "majorMod": {
        "cost": 3,
        "hash": 4183296050,
      },
      "minorMod": {
        "cost": 1,
        "hash": 1703647492,
      },
    },
    "392767087": {
      "majorMod": {
        "cost": 4,
        "hash": 1180408010,
      },
      "minorMod": {
        "cost": 2,
        "hash": 2532323436,
      },
    },
    "4244567218": {
      "majorMod": {
        "cost": 3,
        "hash": 4287799666,
      },
      "minorMod": {
        "cost": 1,
        "hash": 2639422088,
      },
    },
  },
}
`;

exports[`process-utils auto mod structure snapshot of mod defs when assuming cheapgeneral for auto mods 2`] = `
{
  "0": [
    0,
    3,
    5,
  ],
  "1": [
    0,
    1,
    2,
    3,
    4,
    5,
  ],
  "2": [
    0,
    1,
    2,
    3,
    4,
    5,
  ],
  "3": [
    0,
    3,
    5,
  ],
  "4": [
    0,
    1,
    2,
    3,
    4,
    5,
  ],
  "5": [
    0,
    3,
    5,
  ],
}
`;

exports[`process-utils auto mod structure snapshot of mod defs when assuming general for auto mods 1`] = `
{
  "artificeMods": {
    "144602215": {
      "hash": 3160845295,
    },
    "1735777505": {
      "hash": 617569843,
    },
    "1943323491": {
      "hash": 539459624,
    },
    "2996146975": {
      "hash": 2322202118,
    },
    "392767087": {
      "hash": 199176566,
    },
    "4244567218": {
      "hash": 2507624050,
    },
  },
  "generalMods": {
    "144602215": {
      "majorMod": {
        "cost": 4,
        "hash": 2724608735,
      },
      "minorMod": {
        "cost": 2,
        "hash": 350061697,
      },
    },
    "1735777505": {
      "majorMod": {
        "cost": 3,
        "hash": 1435557120,
      },
      "minorMod": {
        "cost": 1,
        "hash": 4021790309,
      },
    },
    "1943323491": {
      "majorMod": {
        "cost": 4,
        "hash": 4204488676,
      },
      "minorMod": {
        "cost": 2,
        "hash": 1237786518,
      },
    },
    "2996146975": {
      "majorMod": {
        "cost": 3,
        "hash": 4183296050,
      },
      "minorMod": {
        "cost": 1,
        "hash": 1703647492,
      },
    },
    "392767087": {
      "majorMod": {
        "cost": 4,
        "hash": 1180408010,
      },
      "minorMod": {
        "cost": 2,
        "hash": 2532323436,
      },
    },
    "4244567218": {
      "majorMod": {
        "cost": 3,
        "hash": 4287799666,
      },
      "minorMod": {
        "cost": 1,
        "hash": 2639422088,
      },
    },
  },
}
`;

exports[`process-utils auto mod structure snapshot of mod defs when assuming general for auto mods 2`] = `
{
  "0": [
    0,
    3,
    5,
  ],
  "1": [
    0,
    1,
    2,
    3,
    4,
    5,
  ],
  "2": [
    0,
    1,
    2,
    3,
    4,
    5,
  ],
  "3": [
    0,
    3,
    5,
  ],
  "4": [
    0,
    1,
    2,
    3,
    4,
    5,
  ],
  "5": [
    0,
    3,
    5,
  ],
}
`;
