// Jest Snapshot v1, https://goo.gl/fbAQLP

exports[`buildSearchConfig generates a reasonable filter map: is filters 1`] = `
[
  "fashiononly",
  "modsonly",
]
`;

exports[`buildSearchConfig generates a reasonable filter map: key-value filters 1`] = `
[
  "exactname",
  "keyword",
  "name",
  "notes",
  "season",
  "subclass",
]
`;
