// Jest Snapshot v1, https://jestjs.io/docs/snapshot-testing

exports[`generateSuggestionsForFilter full suggestions for filter format 'freeform', keyword 'a' with suggestions [ 'b', 'c' ], overload undefined 1`] = `
[
  "a:",
]
`;

exports[`generateSuggestionsForFilter full suggestions for filter format 'query', keyword 'a' with suggestions [ 'b', 'c' ], overload undefined 1`] = `
[
  "a:",
  "a:b",
  "a:c",
]
`;

exports[`generateSuggestionsForFilter full suggestions for filter format 'query', keyword 'maxstatvalue' with suggestions [\\n  'weapons',   'health',\\n  'class',     'grenade',\\n  'super',     'melee',\\n  'mobility',  'resilience',\\n  'recovery',  'discipline',\\n  'intellect', 'strength',\\n  'total',     'any'\\n], overload undefined 1`] = `
[
  "maxstatvalue:",
  "maxstatvalue:weapons",
  "maxstatvalue:health",
  "maxstatvalue:class",
  "maxstatvalue:grenade",
  "maxstatvalue:super",
  "maxstatvalue:melee",
  "maxstatvalue:mobility",
  "maxstatvalue:resilience",
  "maxstatvalue:recovery",
  "maxstatvalue:discipline",
  "maxstatvalue:intellect",
  "maxstatvalue:strength",
  "maxstatvalue:total",
  "maxstatvalue:any",
]
`;

exports[`generateSuggestionsForFilter full suggestions for filter format 'query', keyword 'maxstatvalue' with suggestions [\\n  'weapons',   'health',\\n  'class',     'grenade',\\n  'super',     'melee',\\n  'mobility',  'resilience',\\n  'recovery',  'discipline',\\n  'intellect', 'strength',\\n  'total',     'any'\\n], overload undefined 2`] = `
[
  "maxstatvalue:",
  "maxstatvalue:weapons",
  "maxstatvalue:health",
  "maxstatvalue:class",
  "maxstatvalue:grenade",
  "maxstatvalue:super",
  "maxstatvalue:melee",
  "maxstatvalue:mobility",
  "maxstatvalue:resilience",
  "maxstatvalue:recovery",
  "maxstatvalue:discipline",
  "maxstatvalue:intellect",
  "maxstatvalue:strength",
  "maxstatvalue:total",
  "maxstatvalue:any",
]
`;

exports[`generateSuggestionsForFilter full suggestions for filter format 'range', keyword 'a' with suggestions undefined, overload { worthy: 10, arrivals: 11 } 1`] = `
[
  "a:",
  "a:<",
  "a:>",
  "a:<=",
  "a:>=",
  "a:worthy",
  "a:arrivals",
  "a:<worthy",
  "a:<arrivals",
  "a:>worthy",
  "a:>arrivals",
  "a:<=worthy",
  "a:<=arrivals",
  "a:>=worthy",
  "a:>=arrivals",
]
`;

exports[`generateSuggestionsForFilter full suggestions for filter format 'range', keyword 'a' with suggestions undefined, overload undefined 1`] = `
[
  "a:",
  "a:<",
  "a:>",
  "a:<=",
  "a:>=",
]
`;

exports[`generateSuggestionsForFilter full suggestions for filter format 'range', keyword 'energycapacity' with suggestions undefined, overload undefined 1`] = `
[
  "energycapacity:",
  "energycapacity:<",
  "energycapacity:>",
  "energycapacity:<=",
  "energycapacity:>=",
]
`;

exports[`generateSuggestionsForFilter full suggestions for filter format 'stat', keyword 'a' with suggestions [ 'b', 'c' ], overload undefined 1`] = `
[
  "a:",
  "a:b:",
  "a:b:<",
  "a:b:>",
  "a:b:<=",
  "a:b:>=",
  "a:c:",
  "a:c:<",
  "a:c:>",
  "a:c:<=",
  "a:c:>=",
]
`;

exports[`generateSuggestionsForFilter full suggestions for filter format 'stat', keyword 'stat' with suggestions [\\n  'rpm',             'rof',             'charge',\\n  'impact',          'handling',        'range',\\n  'stability',       'reload',          'magazine',\\n  'aimassist',       'equipspeed',      'shieldduration',\\n  'velocity',        'blastradius',     'recoildirection',\\n  'drawtime',        'zoom',            'airborne',\\n  'accuracy',        'ammogen',         'swingspeed',\\n  'guardefficiency', 'guardresistance', 'chargerate',\\n  'guardendurance',  'ammocapacity',    'weapons',\\n  'health',          'class',           'grenade',\\n  'super',           'melee',           'mobility',\\n  'resilience',      'recovery',        'discipline',\\n  'intellect',       'strength',        'total',\\n  'any'\\n], overload undefined 1`] = `
[
  "stat:",
  "stat:rpm:",
  "stat:rpm:<",
  "stat:rpm:>",
  "stat:rpm:<=",
  "stat:rpm:>=",
  "stat:rof:",
  "stat:rof:<",
  "stat:rof:>",
  "stat:rof:<=",
  "stat:rof:>=",
  "stat:charge:",
  "stat:charge:<",
  "stat:charge:>",
  "stat:charge:<=",
  "stat:charge:>=",
  "stat:impact:",
  "stat:impact:<",
  "stat:impact:>",
  "stat:impact:<=",
  "stat:impact:>=",
  "stat:handling:",
  "stat:handling:<",
  "stat:handling:>",
  "stat:handling:<=",
  "stat:handling:>=",
  "stat:range:",
  "stat:range:<",
  "stat:range:>",
  "stat:range:<=",
  "stat:range:>=",
  "stat:stability:",
  "stat:stability:<",
  "stat:stability:>",
  "stat:stability:<=",
  "stat:stability:>=",
  "stat:reload:",
  "stat:reload:<",
  "stat:reload:>",
  "stat:reload:<=",
  "stat:reload:>=",
  "stat:magazine:",
  "stat:magazine:<",
  "stat:magazine:>",
  "stat:magazine:<=",
  "stat:magazine:>=",
  "stat:aimassist:",
  "stat:aimassist:<",
  "stat:aimassist:>",
  "stat:aimassist:<=",
  "stat:aimassist:>=",
  "stat:equipspeed:",
  "stat:equipspeed:<",
  "stat:equipspeed:>",
  "stat:equipspeed:<=",
  "stat:equipspeed:>=",
  "stat:shieldduration:",
  "stat:shieldduration:<",
  "stat:shieldduration:>",
  "stat:shieldduration:<=",
  "stat:shieldduration:>=",
  "stat:velocity:",
  "stat:velocity:<",
  "stat:velocity:>",
  "stat:velocity:<=",
  "stat:velocity:>=",
  "stat:blastradius:",
  "stat:blastradius:<",
  "stat:blastradius:>",
  "stat:blastradius:<=",
  "stat:blastradius:>=",
  "stat:recoildirection:",
  "stat:recoildirection:<",
  "stat:recoildirection:>",
  "stat:recoildirection:<=",
  "stat:recoildirection:>=",
  "stat:drawtime:",
  "stat:drawtime:<",
  "stat:drawtime:>",
  "stat:drawtime:<=",
  "stat:drawtime:>=",
  "stat:zoom:",
  "stat:zoom:<",
  "stat:zoom:>",
  "stat:zoom:<=",
  "stat:zoom:>=",
  "stat:airborne:",
  "stat:airborne:<",
  "stat:airborne:>",
  "stat:airborne:<=",
  "stat:airborne:>=",
  "stat:accuracy:",
  "stat:accuracy:<",
  "stat:accuracy:>",
  "stat:accuracy:<=",
  "stat:accuracy:>=",
  "stat:ammogen:",
  "stat:ammogen:<",
  "stat:ammogen:>",
  "stat:ammogen:<=",
  "stat:ammogen:>=",
  "stat:swingspeed:",
  "stat:swingspeed:<",
  "stat:swingspeed:>",
  "stat:swingspeed:<=",
  "stat:swingspeed:>=",
  "stat:guardefficiency:",
  "stat:guardefficiency:<",
  "stat:guardefficiency:>",
  "stat:guardefficiency:<=",
  "stat:guardefficiency:>=",
  "stat:guardresistance:",
  "stat:guardresistance:<",
  "stat:guardresistance:>",
  "stat:guardresistance:<=",
  "stat:guardresistance:>=",
  "stat:chargerate:",
  "stat:chargerate:<",
  "stat:chargerate:>",
  "stat:chargerate:<=",
  "stat:chargerate:>=",
  "stat:guardendurance:",
  "stat:guardendurance:<",
  "stat:guardendurance:>",
  "stat:guardendurance:<=",
  "stat:guardendurance:>=",
  "stat:ammocapacity:",
  "stat:ammocapacity:<",
  "stat:ammocapacity:>",
  "stat:ammocapacity:<=",
  "stat:ammocapacity:>=",
  "stat:weapons:",
  "stat:weapons:<",
  "stat:weapons:>",
  "stat:weapons:<=",
  "stat:weapons:>=",
  "stat:health:",
  "stat:health:<",
  "stat:health:>",
  "stat:health:<=",
  "stat:health:>=",
  "stat:class:",
  "stat:class:<",
  "stat:class:>",
  "stat:class:<=",
  "stat:class:>=",
  "stat:grenade:",
  "stat:grenade:<",
  "stat:grenade:>",
  "stat:grenade:<=",
  "stat:grenade:>=",
  "stat:super:",
  "stat:super:<",
  "stat:super:>",
  "stat:super:<=",
  "stat:super:>=",
  "stat:melee:",
  "stat:melee:<",
  "stat:melee:>",
  "stat:melee:<=",
  "stat:melee:>=",
  "stat:mobility:",
  "stat:mobility:<",
  "stat:mobility:>",
  "stat:mobility:<=",
  "stat:mobility:>=",
  "stat:resilience:",
  "stat:resilience:<",
  "stat:resilience:>",
  "stat:resilience:<=",
  "stat:resilience:>=",
  "stat:recovery:",
  "stat:recovery:<",
  "stat:recovery:>",
  "stat:recovery:<=",
  "stat:recovery:>=",
  "stat:discipline:",
  "stat:discipline:<",
  "stat:discipline:>",
  "stat:discipline:<=",
  "stat:discipline:>=",
  "stat:intellect:",
  "stat:intellect:<",
  "stat:intellect:>",
  "stat:intellect:<=",
  "stat:intellect:>=",
  "stat:strength:",
  "stat:strength:<",
  "stat:strength:>",
  "stat:strength:<=",
  "stat:strength:>=",
  "stat:total:",
  "stat:total:<",
  "stat:total:>",
  "stat:total:<=",
  "stat:total:>=",
  "stat:any:",
  "stat:any:<",
  "stat:any:>",
  "stat:any:<=",
  "stat:any:>=",
]
`;

exports[`generateSuggestionsForFilter full suggestions for filter format 'undefined', keyword '[ 'a' ]' with suggestions undefined, overload undefined 1`] = `
[
  "is:a",
  "not:a",
]
`;

exports[`generateSuggestionsForFilter full suggestions for filter format 'undefined', keyword '[ 'a', 'b', 'c' ]' with suggestions undefined, overload undefined 1`] = `
[
  "is:a",
  "not:a",
  "is:b",
  "not:b",
  "is:c",
  "not:c",
]
`;
