// Jest Snapshot v1, https://goo.gl/fbAQLP

exports[`generateSuggestionsForFilter full suggestions for filter format 'freeform', keyword 'a' with suggestions [ 'b', 'c' ] 1`] = `
Array [
  "a:",
]
`;

exports[`generateSuggestionsForFilter full suggestions for filter format 'query', keyword 'a' with suggestions [ 'b', 'c' ] 1`] = `
Array [
  "a:",
  "a:b",
  "a:c",
]
`;

exports[`generateSuggestionsForFilter full suggestions for filter format 'query', keyword 'maxstatvalue' with suggestions [
  'mobility',  'resilience',
  'recovery',  'discipline',
  'intellect', 'strength',
  'total',     'custom',
  'any'
] 1`] = `
Array [
  "maxstatvalue:",
  "maxstatvalue:mobility",
  "maxstatvalue:resilience",
  "maxstatvalue:recovery",
  "maxstatvalue:discipline",
  "maxstatvalue:intellect",
  "maxstatvalue:strength",
  "maxstatvalue:total",
  "maxstatvalue:custom",
  "maxstatvalue:any",
]
`;

exports[`generateSuggestionsForFilter full suggestions for filter format 'query', keyword 'maxstatvalue' with suggestions [
  'mobility',  'resilience',
  'recovery',  'discipline',
  'intellect', 'strength',
  'total',     'custom',
  'any'
] 2`] = `
Array [
  "maxstatvalue:",
  "maxstatvalue:mobility",
  "maxstatvalue:resilience",
  "maxstatvalue:recovery",
  "maxstatvalue:discipline",
  "maxstatvalue:intellect",
  "maxstatvalue:strength",
  "maxstatvalue:total",
  "maxstatvalue:custom",
  "maxstatvalue:any",
]
`;

exports[`generateSuggestionsForFilter full suggestions for filter format 'range', keyword 'a' with suggestions [ 'b', 'c' ] 1`] = `
Array [
  "a:",
  "a:b:",
  "a:c:",
  "a:b:<",
  "a:c:<",
  "a:b:>",
  "a:c:>",
  "a:b:<=",
  "a:c:<=",
  "a:b:>=",
  "a:c:>=",
]
`;

exports[`generateSuggestionsForFilter full suggestions for filter format 'range', keyword 'a' with suggestions undefined 1`] = `
Array [
  "a:",
  "a:<",
  "a:>",
  "a:<=",
  "a:>=",
]
`;

exports[`generateSuggestionsForFilter full suggestions for filter format 'range', keyword 'stat' with suggestions [
  'rpm',             'rof',
  'charge',          'impact',
  'handling',        'range',
  'stability',       'reload',
  'magazine',        'aimassist',
  'equipspeed',      'velocity',
  'blastradius',     'recoildirection',
  'drawtime',        'zoom',
  'inventorysize',   'swingspeed',
  'guardefficiency', 'guardresistance',
  'chargerate',      'guardendurance',
  'ammocapacity',    'mobility',
  'resilience',      'recovery',
  'discipline',      'intellect',
  'strength',        'total',
  'custom',          'any'
] 1`] = `
Array [
  "stat:",
  "stat:rpm:",
  "stat:rof:",
  "stat:charge:",
  "stat:impact:",
  "stat:handling:",
  "stat:range:",
  "stat:stability:",
  "stat:reload:",
  "stat:magazine:",
  "stat:aimassist:",
  "stat:equipspeed:",
  "stat:velocity:",
  "stat:blastradius:",
  "stat:recoildirection:",
  "stat:drawtime:",
  "stat:zoom:",
  "stat:inventorysize:",
  "stat:swingspeed:",
  "stat:guardefficiency:",
  "stat:guardresistance:",
  "stat:chargerate:",
  "stat:guardendurance:",
  "stat:ammocapacity:",
  "stat:mobility:",
  "stat:resilience:",
  "stat:recovery:",
  "stat:discipline:",
  "stat:intellect:",
  "stat:strength:",
  "stat:total:",
  "stat:custom:",
  "stat:any:",
  "stat:rpm:<",
  "stat:rof:<",
  "stat:charge:<",
  "stat:impact:<",
  "stat:handling:<",
  "stat:range:<",
  "stat:stability:<",
  "stat:reload:<",
  "stat:magazine:<",
  "stat:aimassist:<",
  "stat:equipspeed:<",
  "stat:velocity:<",
  "stat:blastradius:<",
  "stat:recoildirection:<",
  "stat:drawtime:<",
  "stat:zoom:<",
  "stat:inventorysize:<",
  "stat:swingspeed:<",
  "stat:guardefficiency:<",
  "stat:guardresistance:<",
  "stat:chargerate:<",
  "stat:guardendurance:<",
  "stat:ammocapacity:<",
  "stat:mobility:<",
  "stat:resilience:<",
  "stat:recovery:<",
  "stat:discipline:<",
  "stat:intellect:<",
  "stat:strength:<",
  "stat:total:<",
  "stat:custom:<",
  "stat:any:<",
  "stat:rpm:>",
  "stat:rof:>",
  "stat:charge:>",
  "stat:impact:>",
  "stat:handling:>",
  "stat:range:>",
  "stat:stability:>",
  "stat:reload:>",
  "stat:magazine:>",
  "stat:aimassist:>",
  "stat:equipspeed:>",
  "stat:velocity:>",
  "stat:blastradius:>",
  "stat:recoildirection:>",
  "stat:drawtime:>",
  "stat:zoom:>",
  "stat:inventorysize:>",
  "stat:swingspeed:>",
  "stat:guardefficiency:>",
  "stat:guardresistance:>",
  "stat:chargerate:>",
  "stat:guardendurance:>",
  "stat:ammocapacity:>",
  "stat:mobility:>",
  "stat:resilience:>",
  "stat:recovery:>",
  "stat:discipline:>",
  "stat:intellect:>",
  "stat:strength:>",
  "stat:total:>",
  "stat:custom:>",
  "stat:any:>",
  "stat:rpm:<=",
  "stat:rof:<=",
  "stat:charge:<=",
  "stat:impact:<=",
  "stat:handling:<=",
  "stat:range:<=",
  "stat:stability:<=",
  "stat:reload:<=",
  "stat:magazine:<=",
  "stat:aimassist:<=",
  "stat:equipspeed:<=",
  "stat:velocity:<=",
  "stat:blastradius:<=",
  "stat:recoildirection:<=",
  "stat:drawtime:<=",
  "stat:zoom:<=",
  "stat:inventorysize:<=",
  "stat:swingspeed:<=",
  "stat:guardefficiency:<=",
  "stat:guardresistance:<=",
  "stat:chargerate:<=",
  "stat:guardendurance:<=",
  "stat:ammocapacity:<=",
  "stat:mobility:<=",
  "stat:resilience:<=",
  "stat:recovery:<=",
  "stat:discipline:<=",
  "stat:intellect:<=",
  "stat:strength:<=",
  "stat:total:<=",
  "stat:custom:<=",
  "stat:any:<=",
  "stat:rpm:>=",
  "stat:rof:>=",
  "stat:charge:>=",
  "stat:impact:>=",
  "stat:handling:>=",
  "stat:range:>=",
  "stat:stability:>=",
  "stat:reload:>=",
  "stat:magazine:>=",
  "stat:aimassist:>=",
  "stat:equipspeed:>=",
  "stat:velocity:>=",
  "stat:blastradius:>=",
  "stat:recoildirection:>=",
  "stat:drawtime:>=",
  "stat:zoom:>=",
  "stat:inventorysize:>=",
  "stat:swingspeed:>=",
  "stat:guardefficiency:>=",
  "stat:guardresistance:>=",
  "stat:chargerate:>=",
  "stat:guardendurance:>=",
  "stat:ammocapacity:>=",
  "stat:mobility:>=",
  "stat:resilience:>=",
  "stat:recovery:>=",
  "stat:discipline:>=",
  "stat:intellect:>=",
  "stat:strength:>=",
  "stat:total:>=",
  "stat:custom:>=",
  "stat:any:>=",
]
`;

exports[`generateSuggestionsForFilter full suggestions for filter format 'rangeoverload', keyword 'a' with suggestions [ 'b', 'c' ] 1`] = `
Array [
  "a:",
  "a:<",
  "a:>",
  "a:<=",
  "a:>=",
  "a:",
  "a:b",
  "a:c",
]
`;

exports[`generateSuggestionsForFilter full suggestions for filter format 'rangeoverload', keyword 'energycapacity' with suggestions [ 'any', 'arc', 'solar', 'void', 'ghost', 'subclass' ] 1`] = `
Array [
  "energycapacity:",
  "energycapacity:<",
  "energycapacity:>",
  "energycapacity:<=",
  "energycapacity:>=",
  "energycapacity:",
  "energycapacity:any",
  "energycapacity:arc",
  "energycapacity:solar",
  "energycapacity:void",
  "energycapacity:ghost",
  "energycapacity:subclass",
]
`;

exports[`generateSuggestionsForFilter full suggestions for filter format 'undefined', keyword '[ 'a' ]' with suggestions undefined 1`] = `
Array [
  "is:a",
  "not:a",
]
`;

exports[`generateSuggestionsForFilter full suggestions for filter format 'undefined', keyword '[ 'a', 'b', 'c' ]' with suggestions undefined 1`] = `
Array [
  "is:a",
  "not:a",
  "is:b",
  "not:b",
  "is:c",
  "not:c",
]
`;
