// Jest Snapshot v1, https://goo.gl/fbAQLP

exports[`buildSearchConfig generates a reasonable filter map 1`] = `
Array [
  "dupe",
  "seasonaldupe",
  "dupelower",
  "count",
  "notes",
  "name",
  "description",
  "perk",
  "perkname",
  "keyword",
  "tagged",
  "tag",
  "hasnotes",
  "common",
  "uncommon",
  "rare",
  "legendary",
  "exotic",
  "white",
  "green",
  "blue",
  "purple",
  "yellow",
  "special",
  "primary",
  "heavy",
  "titan",
  "hunter",
  "warlock",
  "cosmetic",
  "light",
  "haslight",
  "haspower",
  "breaker",
  "kinetic",
  "arc",
  "solar",
  "void",
  "stasis",
  "engrams",
  "lostitems",
  "messages",
  "specialorders",
  "energy",
  "power",
  "helmet",
  "gauntlets",
  "chest",
  "leg",
  "classitem",
  "class",
  "ghost",
  "emblems",
  "ships",
  "vehicle",
  "finishers",
  "seasonalartifacts",
  "clanbanners",
  "consumables",
  "modifications",
  "shaders",
  "autorifle",
  "handcannon",
  "pulserifle",
  "scoutrifle",
  "fusionrifle",
  "sniperrifle",
  "shotgun",
  "machinegun",
  "rocketlauncher",
  "sidearm",
  "sword",
  "grenadelauncher",
  "tracerifle",
  "linearfusionrifle",
  "submachine",
  "smg",
  "bow",
  "transmat",
  "weaponmod",
  "armormod",
  "reptoken",
  "powerfulreward",
  "source",
  "inloadout",
  "stack",
  "year",
  "level",
  "powerlimit",
  "kills",
  "masterwork",
  "energycapacity",
  "season",
  "sunsetsafter",
  "sunsetsin",
  "hascapacity",
  "armor2.0",
  "weapon",
  "armor",
  "equipment",
  "equippable",
  "postmaster",
  "inpostmaster",
  "equipped",
  "transferable",
  "movable",
  "stackable",
  "infusable",
  "infuse",
  "locked",
  "unlocked",
  "new",
  "sunset",
  "randomroll",
  "curated",
  "shaded",
  "hasshader",
  "ornamented",
  "hasornament",
  "hasmod",
  "modded",
  "modslot",
  "holdsmod",
  "stat",
  "basestat",
  "maxstatloadout",
  "maxstatvalue",
  "maxbasestatvalue",
  "maxpower",
  "inleftchar",
  "inmiddlechar",
  "inrightchar",
  "onwrongclass",
  "invault",
  "incurrentchar",
  "id",
  "hash",
]
`;
